Vithushan@VITHUSHAN MINGW64 ~/Ironhack
$ mkdir git-merge-testing

Vithushan@VITHUSHAN MINGW64 ~/Ironhack
$ cd git-merge-testing

Vithushan@VITHUSHAN MINGW64 ~/Ironhack/git-merge-testing
$ git init .
Initialized empty Git repository in C:/Users/Vithushan/Ironhack/git-merge-testing/.git/

Vithushan@VITHUSHAN MINGW64 ~/Ironhack/git-merge-testing (master)
$ echo "some text for this task" > merging.txt

Vithushan@VITHUSHAN MINGW64 ~/Ironhack/git-merge-testing (master)
$ git status
On branch master

No commits yet

Untracked files:
  (use "git add <file>..." to include in what will be committed)
        merging.txt

nothing added to commit but untracked files present (use "git add" to track)

Vithushan@VITHUSHAN MINGW64 ~/Ironhack/git-merge-testing (master)
$ git add merging.txt
warning: in the working copy of 'merging.txt', LF will be replaced by CRLF the next time Git touches it

Vithushan@VITHUSHAN MINGW64 ~/Ironhack/git-merge-testing (master)
$ git status
On branch master

No commits yet

Changes to be committed:
  (use "git rm --cached <file>..." to unstage)
        new file:   merging.txt


Vithushan@VITHUSHAN MINGW64 ~/Ironhack/git-merge-testing (master)
$ git commit -m "initial"
[master (root-commit) de1bc17] initial
 1 file changed, 1 insertion(+)
 create mode 100644 merging.txt

Vithushan@VITHUSHAN MINGW64 ~/Ironhack/git-merge-testing (master)
$ git checkout -b new_branch_to_merge_later
Switched to a new branch 'new_branch_to_merge_later'

Vithushan@VITHUSHAN MINGW64 ~/Ironhack/git-merge-testing (new_branch_to_merge_later)
$ echo "totally different content to merge later" > merging.txt

Vithushan@VITHUSHAN MINGW64 ~/Ironhack/git-merge-testing (new_branch_to_merge_later)
$ git commit -am "appended content to merge.txt"
warning: in the working copy of 'merging.txt', LF will be replaced by CRLF the next time Git touches it
[new_branch_to_merge_later 05a9749] appended content to merge.txt
 1 file changed, 1 insertion(+), 1 deletion(-)

Vithushan@VITHUSHAN MINGW64 ~/Ironhack/git-merge-testing (new_branch_to_merge_later)
$ git checkout master
Switched to branch 'master'

Vithushan@VITHUSHAN MINGW64 ~/Ironhack/git-merge-testing (master)
$ echo "content to append" >>merging.txt

Vithushan@VITHUSHAN MINGW64 ~/Ironhack/git-merge-testing (master)
$ git commit -am "appended content to merge.txt"
warning: in the working copy of 'merging.txt', LF will be replaced by CRLF the next time Git touches it
[master 6d88504] appended content to merge.txt
 1 file changed, 1 insertion(+)

Vithushan@VITHUSHAN MINGW64 ~/Ironhack/git-merge-testing (master)
$ git merge new_branch_to_merge_later
Auto-merging merging.txt
CONFLICT (content): Merge conflict in merging.txt
Automatic merge failed; fix conflicts and then commit the result.

Vithushan@VITHUSHAN MINGW64 ~/Ironhack/git-merge-testing (master|MERGING)
$ git status
On branch master
You have unmerged paths.
  (fix conflicts and run "git commit")
  (use "git merge --abort" to abort the merge)

Unmerged paths:
  (use "git add <file>..." to mark resolution)
        both modified:   merging.txt

no changes added to commit (use "git add" and/or "git commit -a")

Vithushan@VITHUSHAN MINGW64 ~/Ironhack/git-merge-testing (master|MERGING)
$ cat merging.txt
<<<<<<< HEAD
some text for this task
content to append
=======
totally different content to merge later
>>>>>>> new_branch_to_merge_later

Vithushan@VITHUSHAN MINGW64 ~/Ironhack/git-merge-testing (master|MERGING)
$ git add merging.txt

Vithushan@VITHUSHAN MINGW64 ~/Ironhack/git-merge-testing (master|MERGING)
$ git commit -m "last version"
[master 92d2467] last version

Vithushan@VITHUSHAN MINGW64 ~/Ironhack/git-merge-testing (master)
$
